{
  "type": "Program",
  "body": [
    {
      "type": "ExpressionStatement",
      "expression": {
        "type": "CallExpression",
        "callee": {
            "type": "MemberExpression",
            "object": {
                "type": "Identifier",
                "name": "DJINN"
            },
            "property": {
                "type": "Identifier",
                "name": "log"
            }
        },
        "arguments": [
          {
            "type": "Literal",
            "value": "hello world",
            "raw": "\"hello world\""
          }
        ]
      }
    }
  ]
}
