{
  "type": "Program",
  "body": [
    {
      "type": "IfStatement",
      "test": {
        "type": "Literal",
        "value": false,
        "raw": "false"
      },
      "consequent": {
        "type": "BlockStatement",
        "body": [
          {
            "type": "ExpressionStatement",
            "expression": {
              "type": "Literal",
              "value": 0,
              "raw": "0"
            }
          }
        ]
      },
      "alternate": {
        "type": "IfStatement",
        "test": {
          "type": "Literal",
          "value": false,
          "raw": "false"
        },
        "consequent": {
          "type": "BlockStatement",
          "body": [
            {
              "type": "ExpressionStatement",
              "expression": {
                "type": "Literal",
                "value": 1,
                "raw": "1"
              }
            }
          ]
        },
        "alternate": {
          "type": "IfStatement",
          "test": {
            "type": "Literal",
            "value": true,
            "raw": "true"
          },
          "consequent": {
            "type": "BlockStatement",
            "body": [
              {
                "type": "ExpressionStatement",
                "expression": {
                  "type": "Literal",
                  "value": 2,
                  "raw": "2"
                }
              }
            ]
          },
          "alternate": {
            "type": "BlockStatement",
            "body": []
          }
        }
      }
    },
    {
      "type": "IfStatement",
      "test": {
        "type": "Literal",
        "value": false,
        "raw": "false"
      },
      "consequent": {
        "type": "BlockStatement",
        "body": [
          {
            "type": "ExpressionStatement",
            "expression": {
              "type": "Literal",
              "value": 3,
              "raw": "3"
            }
          }
        ]
      },
      "alternate": {
        "type": "IfStatement",
        "test": {
          "type": "Literal",
          "value": false,
          "raw": "false"
        },
        "consequent": {
          "type": "BlockStatement",
          "body": [
            {
              "type": "ExpressionStatement",
              "expression": {
                "type": "Literal",
                "value": 4,
                "raw": "4"
              }
            }
          ]
        },
        "alternate": {
          "type": "BlockStatement",
          "body": [
            {
              "type": "ExpressionStatement",
              "expression": {
                "type": "Literal",
                "value": 5,
                "raw": "5"
              }
            }
          ]
        }
      }
    }
  ]
}
