{
    "type": "Program",
    "body": [
        {
            "type": "DoWhileStatement",
            "body": {
                "type": "BlockStatement",
                "body": [
                    {
                        "type": "ExpressionStatement",
                        "expression": {
                            "type": "Literal",
                            "value": 0,
                            "raw": "0"
                        }
                    }
                ]
            },
            "test": {
                "type": "UnaryExpression",
                "operator": "!",
                "argument": {
                    "type": "Literal",
                    "value": false,
                    "raw": "false"
                },
                "prefix": true
            }
        }
    ]
}
