{
    "type": "Program",
    "body": [
        {
            "type": "ForStatement",
            "init": null,
            "test": null,
            "update": null,
            "body": {
                "type": "BlockStatement",
                "body": [
                    {
                        "type": "IfStatement",
                        "test": {
                            "type": "Literal",
                            "value": true,
                            "raw": "true"
                        },
                        "consequent": {
                            "type": "BlockStatement",
                            "body": [
                                {
                                    "type": "BreakStatement",
                                    "label": null
                                }
                            ]
                        },
                        "alternate": {
                            "type": "BlockStatement",
                            "body": []
                        }
                    }
                ]
            }
        }
    ]
}
