{
  "type": "Program",
  "body": [
    {
      "type": "ExpressionStatement",
      "expression": {
        "type": "BinaryExpression",
        "operator": ">",
        "left": {
          "type": "BinaryExpression",
          "operator": "+",
          "left": {
            "type": "Literal",
            "value": 2,
            "raw": "2"
          },
          "right": {
            "type": "Literal",
            "value": 2,
            "raw": "2"
          }
        },
        "right": {
          "type": "Literal",
          "value": 4,
          "raw": "4"
        }
      }
    },
    {
      "type": "ExpressionStatement",
      "expression": {
        "type": "BinaryExpression",
        "operator": "==",
        "left": {
          "type": "Literal",
          "value": 3,
          "raw": "3"
        },
        "right": {
          "type": "BinaryExpression",
          "operator": "+",
          "left": {
            "type": "Literal",
            "value": 2,
            "raw": "2"
          },
          "right": {
            "type": "Literal",
            "value": 1,
            "raw": "1"
          }
        }
      }
    },
    {
      "type": "ExpressionStatement",
      "expression": {
        "type": "BinaryExpression",
        "operator": "<",
        "left": {
          "type": "Literal",
          "value": 5,
          "raw": "5"
        },
        "right": {
          "type": "Literal",
          "value": 4,
          "raw": "4"
        }
      }
    },
    {
      "type": "ExpressionStatement",
      "expression": {
        "type": "BinaryExpression",
        "operator": ">=",
        "left": {
          "type": "Literal",
          "value": 6,
          "raw": "6"
        },
        "right": {
          "type": "Literal",
          "value": 2,
          "raw": "2"
        }
      }
    },
    {
      "type": "ExpressionStatement",
      "expression": {
        "type": "BinaryExpression",
        "operator": "!=",
        "left": {
          "type": "Literal",
          "value": 3,
          "raw": "3"
        },
        "right": {
          "type": "Literal",
          "value": 5,
          "raw": "5"
        }
      }
    },
    {
      "type": "ExpressionStatement",
      "expression": {
        "type": "BinaryExpression",
        "operator": "<=",
        "left": {
          "type": "Literal",
          "value": 2,
          "raw": "2"
        },
        "right": {
          "type": "Literal",
          "value": 1,
          "raw": "1"
        }
      }
    }
  ]
}
