{
  "type": "Program",
  "body": [
    {
      "type": "ExpressionStatement",
      "expression": {
        "type": "AssignmentExpression",
        "operator": "=",
        "left": {
          "type": "MemberExpression",
          "object": {
            "type": "MemberExpression",
            "object": {
              "type": "Identifier",
              "name": "DJINN"
            },
            "property": {
              "type": "Identifier",
              "name": "__scope"
            }
          },
          "property": {
            "type": "Literal",
            "value": "_x",
            "raw": "\"_x\""
          }
        },
        "right": {
          "type": "Literal",
          "value": 0,
          "raw": "0"
        }
      }
    },
    {
      "type": "ExpressionStatement",
      "expression": {
        "type": "AssignmentExpression",
        "operator": "=",
        "left": {
          "type": "MemberExpression",
          "object": {
            "type": "MemberExpression",
            "object": {
              "type": "Identifier",
              "name": "DJINN"
            },
            "property": {
              "type": "Identifier",
              "name": "__scope"
            }
          },
          "property": {
            "type": "Literal",
            "value": "_y",
            "raw": "\"_y\""
          }
        },
        "right": {
          "type": "AssignmentExpression",
          "operator": "=",
          "left": {
            "type": "MemberExpression",
            "object": {
              "type": "MemberExpression",
              "object": {
                "type": "Identifier",
                "name": "DJINN"
              },
              "property": {
                "type": "Identifier",
                "name": "__scope"
              }
            },
            "property": {
              "type": "Literal",
              "value": "_z",
              "raw": "\"_z\""
            }
          },
          "right": {
            "type": "Literal",
            "value": 3.5,
            "raw": "3.5"
          }
        }
      }
    },
    {
      "type": "ExpressionStatement",
      "expression": {
        "type": "AssignmentExpression",
        "operator": "=",
        "left": {
          "type": "MemberExpression",
          "object": {
            "type": "MemberExpression",
            "object": {
              "type": "Identifier",
              "name": "DJINN"
            },
            "property": {
              "type": "Identifier",
              "name": "__scope"
            }
          },
          "property": {
            "type": "Literal",
            "value": "_flag",
            "raw": "\"_flag\""
          }
        },
        "right": {
          "type": "Literal",
          "value": false,
          "raw": "false"
        }
      }
    }
  ]
}
